// Jest Snapshot v1, https://goo.gl/fbAQLP

exports[`Show basic 1`] = `
[MockFunction] {
  "calls": Array [
    Array [
      Object {
        "url": "/api/articles/1",
      },
    ],
  ],
  "results": Array [
    Object {
      "type": "return",
      "value": Promise {
        "reject": [Function],
        "resolve": [Function],
      },
    },
  ],
}
`;
